Serving HTTP on :: port 8090 (http://[::]:8090/) ...
::1 - - [21/Sep/2026 10:52:39] "GET /index.html HTTP/1.1" 200 -
::1 - - [21/Sep/2026 10:52:39] "GET /js/constants.js HTTP/1.1" 200 -
::1 - - [21/Sep/2026 10:52:39] "GET /css/common.css HTTP/1.1" 200 -
::1 - - [21/Sep/2026 10:52:39] "GET /css/pages.css HTTP/1.1" 200 -
::1 - - [21/Sep/2026 10:52:39] "GET /js/api.js HTTP/1.1" 200 -
::1 - - [21/Sep/2026 10:52:39] "GET /js/db.js HTTP/1.1" 200 -
::1 - - [21/Sep/2026 10:52:39] "GET /js/components.js HTTP/1.1" 200 -
::1 - - [21/Sep/2026 10:52:39] "GET /js/home.js HTTP/1.1" 200 -
::1 - - [21/Sep/2026 10:52:39] "GET /js/utils.js HTTP/1.1" 200 -
::1 - - [21/Sep/2026 10:52:39] "GET /vendor/vue.global.prod.js HTTP/1.1" 200 -
::1 - - [21/Sep/2026 10:53:33] "GET /index.html HTTP/1.1" 200 -
::1 - - [21/Sep/2026 10:53:33] "GET /css/common.css HTTP/1.1" 200 -
::1 - - [21/Sep/2026 10:53:33] "GET /css/pages.css HTTP/1.1" 200 -
::1 - - [21/Sep/2026 10:53:33] "GET /vendor/vue.global.prod.js HTTP/1.1" 200 -
::1 - - [21/Sep/2026 10:53:33] "GET /js/api.js HTTP/1.1" 200 -
::1 - - [21/Sep/2026 10:53:33] "GET /js/constants.js HTTP/1.1" 200 -
::1 - - [21/Sep/2026 10:53:33] "GET /js/db.js HTTP/1.1" 200 -
::1 - - [21/Sep/2026 10:53:33] "GET /js/utils.js HTTP/1.1" 200 -
::1 - - [21/Sep/2026 10:53:33] "GET /js/components.js HTTP/1.1" 200 -
::1 - - [21/Sep/2026 10:53:33] "GET /js/home.js HTTP/1.1" 200 -
::1 - - [21/Sep/2026 10:53:33] code 404, message File not found
::1 - - [21/Sep/2026 10:53:33] "GET /hybridaction/zybTrackerStatisticsAction?data=%7B%7D&__callback__=__cb__zybTrackerStatisticsAction__830f5872_1bf2_4b4d_9db3_7691d9fa786f__0 HTTP/1.1" 404 -
::1 - - [21/Sep/2026 10:53:33] code 404, message File not found
::1 - - [21/Sep/2026 10:53:33] "GET /hybridaction/zybTrackerStatisticsAction?data=%7B%7D&__callback__=__cb__zybTrackerStatisticsAction__e18dd439_6eda_4f14_accc_1aa28dc2cf49__1 HTTP/1.1" 404 -
::1 - - [21/Sep/2026 10:56:27] code 404, message File not found
::1 - - [21/Sep/2026 10:56:27] "GET /hybridaction/zybTrackerStatisticsAction?data=%7B%7D&__callback__=__cb__zybTrackerStatisticsAction__7390fa10_ce45_4ea6_bf8b_284b605ea04d__0 HTTP/1.1" 404 -
::1 - - [21/Sep/2026 10:56:27] code 404, message File not found
::1 - - [21/Sep/2026 10:56:27] "GET /hybridaction/zybTrackerStatisticsAction?data=%7B%7D&__callback__=__cb__zybTrackerStatisticsAction__f60b2c74_57d9_4c9b_9f0c_03c659460a4c__1 HTTP/1.1" 404 -
::1 - - [21/Sep/2026 10:56:37] "GET /pages/products.html HTTP/1.1" 200 -
::1 - - [21/Sep/2026 10:56:37] "GET /js/products.js HTTP/1.1" 200 -
::1 - - [21/Sep/2026 10:56:37] code 404, message File not found
::1 - - [21/Sep/2026 10:56:37] "GET /hybridaction/zybTrackerStatisticsAction?data=%7B%7D&__callback__=__cb__zybTrackerStatisticsAction__eb7a5d6e_fe96_4c93_860a_409959de6974__0 HTTP/1.1" 404 -
::1 - - [21/Sep/2026 10:56:37] code 404, message File not found
::1 - - [21/Sep/2026 10:56:37] "GET /hybridaction/zybTrackerStatisticsAction?data=%7B%7D&__callback__=__cb__zybTrackerStatisticsAction__37753d1a_b097_4b67_a5e6_092197d0a318__1 HTTP/1.1" 404 -
::1 - - [21/Sep/2026 10:56:44] "GET /pages/credit.html HTTP/1.1" 200 -
::1 - - [21/Sep/2026 10:56:44] "GET /js/credit.js HTTP/1.1" 200 -
::1 - - [21/Sep/2026 10:56:44] code 404, message File not found
::1 - - [21/Sep/2026 10:56:44] "GET /hybridaction/zybTrackerStatisticsAction?data=%7B%7D&__callback__=__cb__zybTrackerStatisticsAction__24d5448f_5d84_481b_b421_85479ec8a2ea__0 HTTP/1.1" 404 -
::1 - - [21/Sep/2026 10:56:45] code 404, message File not found
::1 - - [21/Sep/2026 10:56:45] "GET /hybridaction/zybTrackerStatisticsAction?data=%7B%7D&__callback__=__cb__zybTrackerStatisticsAction__365c6eeb_1670_4674_a8d9_2391c6f4add8__1 HTTP/1.1" 404 -
::1 - - [21/Sep/2026 10:56:56] "GET /pages/news.html HTTP/1.1" 200 -
::1 - - [21/Sep/2026 10:56:56] "GET /js/news.js HTTP/1.1" 200 -
::1 - - [21/Sep/2026 10:56:56] code 404, message File not found
::1 - - [21/Sep/2026 10:56:56] "GET /hybridaction/zybTrackerStatisticsAction?data=%7B%7D&__callback__=__cb__zybTrackerStatisticsAction__08643b03_d163_4ee0_b121_46ed470ccca1__0 HTTP/1.1" 404 -
::1 - - [21/Sep/2026 10:56:56] code 404, message File not found
::1 - - [21/Sep/2026 10:56:56] "GET /hybridaction/zybTrackerStatisticsAction?data=%7B%7D&__callback__=__cb__zybTrackerStatisticsAction__fa12fb2d_f98e_496b_acbb_39635c1472f7__1 HTTP/1.1" 404 -
::1 - - [21/Sep/2026 10:57:00] code 404, message File not found
::1 - - [21/Sep/2026 10:57:00] "GET /hybridaction/zybTrackerStatisticsAction?data=%7B%7D&__callback__=__cb__zybTrackerStatisticsAction__4182f4ae_ad78_4dd3_b6a8_bc6067de3d5e__0 HTTP/1.1" 404 -
::1 - - [21/Sep/2026 10:57:00] code 404, message File not found
::1 - - [21/Sep/2026 10:57:00] "GET /hybridaction/zybTrackerStatisticsAction?data=%7B%7D&__callback__=__cb__zybTrackerStatisticsAction__d3a66e51_18ec_44f7_9a8e_e84eec7dfc75__1 HTTP/1.1" 404 -
::1 - - [21/Sep/2026 10:57:02] code 404, message File not found
::1 - - [21/Sep/2026 10:57:02] "GET /hybridaction/zybTrackerStatisticsAction?data=%7B%7D&__callback__=__cb__zybTrackerStatisticsAction__6a12a642_6055_4d37_b88f_030c0f25f90f__0 HTTP/1.1" 404 -
::1 - - [21/Sep/2026 10:57:02] code 404, message File not found
::1 - - [21/Sep/2026 10:57:02] "GET /hybridaction/zybTrackerStatisticsAction?data=%7B%7D&__callback__=__cb__zybTrackerStatisticsAction__e8f6db2d_a49e_41f0_8a6a_72b53ed0c376__1 HTTP/1.1" 404 -
::1 - - [21/Sep/2026 10:57:03] code 404, message File not found
::1 - - [21/Sep/2026 10:57:03] "GET /hybridaction/zybTrackerStatisticsAction?data=%7B%7D&__callback__=__cb__zybTrackerStatisticsAction__fb7b34bf_4973_4809_9e70_a7c4e0480bac__0 HTTP/1.1" 404 -
::1 - - [21/Sep/2026 10:57:03] code 404, message File not found
::1 - - [21/Sep/2026 10:57:03] "GET /hybridaction/zybTrackerStatisticsAction?data=%7B%7D&__callback__=__cb__zybTrackerStatisticsAction__7f6cc7ed_3b23_4488_b5f2_cea6542ecb05__1 HTTP/1.1" 404 -
::1 - - [21/Sep/2026 10:57:04] code 404, message File not found
::1 - - [21/Sep/2026 10:57:04] "GET /hybridaction/zybTrackerStatisticsAction?data=%7B%7D&__callback__=__cb__zybTrackerStatisticsAction__12b9cc44_371c_430b_8554_b5af0cafbfcf__0 HTTP/1.1" 404 -
::1 - - [21/Sep/2026 10:57:04] code 404, message File not found
::1 - - [21/Sep/2026 10:57:04] "GET /hybridaction/zybTrackerStatisticsAction?data=%7B%7D&__callback__=__cb__zybTrackerStatisticsAction__c3a51369_d7e8_458b_9ff9_c7c559192758__1 HTTP/1.1" 404 -
::1 - - [21/Sep/2026 10:57:06] "GET /pages/my-apply.html HTTP/1.1" 200 -
::1 - - [21/Sep/2026 10:57:06] "GET /js/my-apply.js HTTP/1.1" 200 -
::1 - - [21/Sep/2026 10:57:06] code 404, message File not found
::1 - - [21/Sep/2026 10:57:06] "GET /hybridaction/zybTrackerStatisticsAction?data=%7B%7D&__callback__=__cb__zybTrackerStatisticsAction__bc75df3d_91ac_449b_bb07_9a2dea69f2d7__0 HTTP/1.1" 404 -
::1 - - [21/Sep/2026 10:57:06] code 404, message File not found
::1 - - [21/Sep/2026 10:57:06] "GET /hybridaction/zybTrackerStatisticsAction?data=%7B%7D&__callback__=__cb__zybTrackerStatisticsAction__66041dba_007f_41ad_834e_b45a96f3dfb0__1 HTTP/1.1" 404 -
::1 - - [21/Sep/2026 10:57:08] "GET /pages/apply.html?nav=1 HTTP/1.1" 200 -
::1 - - [21/Sep/2026 10:57:08] "GET /js/apply.js HTTP/1.1" 200 -
::1 - - [21/Sep/2026 10:57:08] code 404, message File not found
::1 - - [21/Sep/2026 10:57:08] "GET /hybridaction/zybTrackerStatisticsAction?data=%7B%7D&__callback__=__cb__zybTrackerStatisticsAction__5b8f1200_1404_4ce3_9b30_a665061fb0c7__0 HTTP/1.1" 404 -
::1 - - [21/Sep/2026 10:57:08] code 404, message File not found
::1 - - [21/Sep/2026 10:57:08] "GET /hybridaction/zybTrackerStatisticsAction?data=%7B%7D&__callback__=__cb__zybTrackerStatisticsAction__30e60157_86a0_4238_9b20_af2140d64777__1 HTTP/1.1" 404 -
::1 - - [21/Sep/2026 10:57:51] "GET /pages/apply-result.html?id=SQ20260921001 HTTP/1.1" 200 -
::1 - - [21/Sep/2026 10:57:51] "GET /js/apply-result.js HTTP/1.1" 200 -
::1 - - [21/Sep/2026 10:57:51] code 404, message File not found
::1 - - [21/Sep/2026 10:57:51] "GET /hybridaction/zybTrackerStatisticsAction?data=%7B%7D&__callback__=__cb__zybTrackerStatisticsAction__fe17602a_fe7a_4a51_af52_d8907d745baf__0 HTTP/1.1" 404 -
::1 - - [21/Sep/2026 10:57:52] code 404, message File not found
::1 - - [21/Sep/2026 10:57:52] "GET /hybridaction/zybTrackerStatisticsAction?data=%7B%7D&__callback__=__cb__zybTrackerStatisticsAction__a63fcacf_787b_4baa_a8ab_3e54d0aed4f6__1 HTTP/1.1" 404 -
::1 - - [21/Sep/2026 10:57:53] "GET /pages/my-apply.html?id=SQ20260921001 HTTP/1.1" 200 -
::1 - - [21/Sep/2026 10:57:53] code 404, message File not found
::1 - - [21/Sep/2026 10:57:53] "GET /hybridaction/zybTrackerStatisticsAction?data=%7B%7D&__callback__=__cb__zybTrackerStatisticsAction__9576f489_02a7_4fc0_bfeb_8b4d5bdf6183__0 HTTP/1.1" 404 -
::1 - - [21/Sep/2026 10:57:53] code 404, message File not found
::1 - - [21/Sep/2026 10:57:53] "GET /hybridaction/zybTrackerStatisticsAction?data=%7B%7D&__callback__=__cb__zybTrackerStatisticsAction__1a64e3ab_19e7_473b_b765_e3ce3744ffb9__1 HTTP/1.1" 404 -
::1 - - [21/Sep/2026 10:57:57] "GET /pages/login.html HTTP/1.1" 200 -
::1 - - [21/Sep/2026 10:57:57] "GET /css/auth.css HTTP/1.1" 200 -
::1 - - [21/Sep/2026 10:57:57] "GET /js/login.js HTTP/1.1" 200 -
::1 - - [21/Sep/2026 10:57:57] code 404, message File not found
::1 - - [21/Sep/2026 10:57:57] "GET /hybridaction/zybTrackerStatisticsAction?data=%7B%7D&__callback__=__cb__zybTrackerStatisticsAction__01b7c835_ac65_4e86_adfc_6f6358703000__0 HTTP/1.1" 404 -
::1 - - [21/Sep/2026 10:57:57] code 404, message File not found
::1 - - [21/Sep/2026 10:57:57] "GET /hybridaction/zybTrackerStatisticsAction?data=%7B%7D&__callback__=__cb__zybTrackerStatisticsAction__e1960ef7_ef42_4fe0_97e2_2c7398ade1e6__1 HTTP/1.1" 404 -
::1 - - [21/Sep/2026 10:58:01] code 404, message File not found
::1 - - [21/Sep/2026 10:58:01] "GET /hybridaction/zybTrackerStatisticsAction?data=%7B%7D&__callback__=__cb__zybTrackerStatisticsAction__fb11465b_494e_4694_b6a9_80eb3a19a0b3__0 HTTP/1.1" 404 -
::1 - - [21/Sep/2026 10:58:01] code 404, message File not found
::1 - - [21/Sep/2026 10:58:01] "GET /hybridaction/zybTrackerStatisticsAction?data=%7B%7D&__callback__=__cb__zybTrackerStatisticsAction__e47de58b_f42e_48d8_9f36_545aa113ac90__1 HTTP/1.1" 404 -
::1 - - [21/Sep/2026 10:58:02] code 404, message File not found
::1 - - [21/Sep/2026 10:58:02] "GET /hybridaction/zybTrackerStatisticsAction?data=%7B%7D&__callback__=__cb__zybTrackerStatisticsAction__3a557012_8874_4f0b_b1a5_d52d07534a4d__0 HTTP/1.1" 404 -
::1 - - [21/Sep/2026 10:58:02] code 404, message File not found
::1 - - [21/Sep/2026 10:58:02] "GET /hybridaction/zybTrackerStatisticsAction?data=%7B%7D&__callback__=__cb__zybTrackerStatisticsAction__77da0f63_c7b5_4843_ad60_2c6bc349558e__1 HTTP/1.1" 404 -
::1 - - [21/Sep/2026 10:58:38] code 404, message File not found
::1 - - [21/Sep/2026 10:58:38] "GET /hybridaction/zybTrackerStatisticsAction?data=%7B%7D&__callback__=__cb__zybTrackerStatisticsAction__5781e0f7_84de_41cb_af0f_625f1cd9dc9a__0 HTTP/1.1" 404 -
::1 - - [21/Sep/2026 10:58:39] code 404, message File not found
::1 - - [21/Sep/2026 10:58:39] "GET /hybridaction/zybTrackerStatisticsAction?data=%7B%7D&__callback__=__cb__zybTrackerStatisticsAction__37d93fd6_7865_4f33_9f06_52cc6b80ce92__1 HTTP/1.1" 404 -
::1 - - [21/Sep/2026 10:58:40] code 404, message File not found
::1 - - [21/Sep/2026 10:58:40] "GET /hybridaction/zybTrackerStatisticsAction?data=%7B%7D&__callback__=__cb__zybTrackerStatisticsAction__82c625c5_c97d_4cf7_805a_a3baa659437e__0 HTTP/1.1" 404 -
::1 - - [21/Sep/2026 10:58:40] code 404, message File not found
::1 - - [21/Sep/2026 10:58:40] "GET /hybridaction/zybTrackerStatisticsAction?data=%7B%7D&__callback__=__cb__zybTrackerStatisticsAction__6a8dab6f_f665_4e87_85a9_3bc0c32873cb__1 HTTP/1.1" 404 -
::1 - - [21/Sep/2026 10:59:06] "GET /pages/my-apply.html HTTP/1.1" 304 -
::1 - - [21/Sep/2026 10:59:06] code 404, message File not found
::1 - - [21/Sep/2026 10:59:06] "GET /hybridaction/zybTrackerStatisticsAction?data=%7B%7D&__callback__=__cb__zybTrackerStatisticsAction__e6e2a17c_3049_49a8_ac39_06c466d1e50f__0 HTTP/1.1" 404 -
::1 - - [21/Sep/2026 10:59:06] code 404, message File not found
::1 - - [21/Sep/2026 10:59:06] "GET /hybridaction/zybTrackerStatisticsAction?data=%7B%7D&__callback__=__cb__zybTrackerStatisticsAction__21fd9feb_602b_4f1d_81fc_572ffa5457ed__1 HTTP/1.1" 404 -
::1 - - [21/Sep/2026 10:59:15] code 404, message File not found
::1 - - [21/Sep/2026 10:59:15] "GET /hybridaction/zybTrackerStatisticsAction?data=%7B%7D&__callback__=__cb__zybTrackerStatisticsAction__f4b532bb_560f_4146_a99b_7cf81b5df39a__0 HTTP/1.1" 404 -
::1 - - [21/Sep/2026 10:59:15] code 404, message File not found
::1 - - [21/Sep/2026 10:59:15] "GET /hybridaction/zybTrackerStatisticsAction?data=%7B%7D&__callback__=__cb__zybTrackerStatisticsAction__3afdd644_fabb_4c37_b286_0c9ff17e065d__1 HTTP/1.1" 404 -
::1 - - [21/Sep/2026 10:59:20] "GET /pages/audit.html HTTP/1.1" 200 -
::1 - - [21/Sep/2026 10:59:20] "GET /js/audit.js HTTP/1.1" 200 -
::1 - - [21/Sep/2026 10:59:20] code 404, message File not found
::1 - - [21/Sep/2026 10:59:20] "GET /hybridaction/zybTrackerStatisticsAction?data=%7B%7D&__callback__=__cb__zybTrackerStatisticsAction__762c92fa_9625_46a6_9eb7_a500e1392c19__0 HTTP/1.1" 404 -
::1 - - [21/Sep/2026 10:59:20] code 404, message File not found
::1 - - [21/Sep/2026 10:59:20] "GET /hybridaction/zybTrackerStatisticsAction?data=%7B%7D&__callback__=__cb__zybTrackerStatisticsAction__be3afe8e_3f16_4182_8ee2_a1688b584162__1 HTTP/1.1" 404 -
::1 - - [21/Sep/2026 10:59:34] code 404, message File not found
::1 - - [21/Sep/2026 10:59:34] "GET /hybridaction/zybTrackerStatisticsAction?data=%7B%7D&__callback__=__cb__zybTrackerStatisticsAction__6261dfbc_9384_44c7_84f6_99b69e9632a4__0 HTTP/1.1" 404 -
::1 - - [21/Sep/2026 10:59:34] code 404, message File not found
::1 - - [21/Sep/2026 10:59:34] "GET /hybridaction/zybTrackerStatisticsAction?data=%7B%7D&__callback__=__cb__zybTrackerStatisticsAction__3e1e674d_69f5_4b12_be18_2f0e7ffca3e8__1 HTTP/1.1" 404 -
::1 - - [21/Sep/2026 10:59:42] code 404, message File not found
::1 - - [21/Sep/2026 10:59:42] "GET /hybridaction/zybTrackerStatisticsAction?data=%7B%7D&__callback__=__cb__zybTrackerStatisticsAction__663b5114_31a5_413e_9a01_975dae6b0f0a__0 HTTP/1.1" 404 -
::1 - - [21/Sep/2026 10:59:42] code 404, message File not found
::1 - - [21/Sep/2026 10:59:42] "GET /hybridaction/zybTrackerStatisticsAction?data=%7B%7D&__callback__=__cb__zybTrackerStatisticsAction__a3b94a8d_471c_421a_8cd8_08f3ae3f5b9d__1 HTTP/1.1" 404 -
::1 - - [21/Sep/2026 10:59:44] code 404, message File not found
::1 - - [21/Sep/2026 10:59:44] "GET /hybridaction/zybTrackerStatisticsAction?data=%7B%7D&__callback__=__cb__zybTrackerStatisticsAction__475cb358_ad31_46ee_b3d9_687902806ae4__0 HTTP/1.1" 404 -
::1 - - [21/Sep/2026 10:59:44] code 404, message File not found
::1 - - [21/Sep/2026 10:59:44] "GET /hybridaction/zybTrackerStatisticsAction?data=%7B%7D&__callback__=__cb__zybTrackerStatisticsAction__eefb780d_8319_46ef_91c6_6ded6455eba1__1 HTTP/1.1" 404 -
::1 - - [21/Sep/2026 15:13:15] "GET /pages/my-apply.html HTTP/1.1" 200 -
::1 - - [21/Sep/2026 15:13:15] "GET /css/common.css HTTP/1.1" 200 -
::1 - - [21/Sep/2026 15:13:15] "GET /css/pages.css HTTP/1.1" 200 -
::1 - - [21/Sep/2026 15:13:15] "GET /js/constants.js HTTP/1.1" 200 -
::1 - - [21/Sep/2026 15:13:15] "GET /js/api.js HTTP/1.1" 200 -
::1 - - [21/Sep/2026 15:13:15] "GET /js/db.js HTTP/1.1" 200 -
::1 - - [21/Sep/2026 15:13:15] "GET /js/components.js HTTP/1.1" 200 -
::1 - - [21/Sep/2026 15:13:15] "GET /js/my-apply.js HTTP/1.1" 200 -
::1 - - [21/Sep/2026 15:13:15] "GET /js/utils.js HTTP/1.1" 200 -
::1 - - [21/Sep/2026 15:13:15] "GET /vendor/vue.global.prod.js HTTP/1.1" 200 -
::1 - - [21/Sep/2026 15:13:15] code 404, message File not found
::1 - - [21/Sep/2026 15:13:15] "GET /hybridaction/zybTrackerStatisticsAction?data=%7B%7D&__callback__=__cb__zybTrackerStatisticsAction__71ad901d_a6f5_4a46_8428_c38a4bf33ee3__0 HTTP/1.1" 404 -
::1 - - [21/Sep/2026 15:13:15] code 404, message File not found
::1 - - [21/Sep/2026 15:13:15] "GET /hybridaction/zybTrackerStatisticsAction?data=%7B%7D&__callback__=__cb__zybTrackerStatisticsAction__73473caf_7a0c_4c6a_8b7e_120229c25318__1 HTTP/1.1" 404 -
::1 - - [21/Sep/2026 15:13:21] "GET /pages/products.html HTTP/1.1" 200 -
::1 - - [21/Sep/2026 15:13:21] "GET /js/products.js HTTP/1.1" 200 -
::1 - - [21/Sep/2026 15:13:21] code 404, message File not found
::1 - - [21/Sep/2026 15:13:21] "GET /hybridaction/zybTrackerStatisticsAction?data=%7B%7D&__callback__=__cb__zybTrackerStatisticsAction__1541bb97_7c91_4e98_85f4_4d397c2f9912__0 HTTP/1.1" 404 -
::1 - - [21/Sep/2026 15:13:21] code 404, message File not found
::1 - - [21/Sep/2026 15:13:21] "GET /hybridaction/zybTrackerStatisticsAction?data=%7B%7D&__callback__=__cb__zybTrackerStatisticsAction__21890359_11da_40e4_9c58_29c875913b73__1 HTTP/1.1" 404 -
::1 - - [21/Sep/2026 15:13:22] "GET /index.html HTTP/1.1" 200 -
::1 - - [21/Sep/2026 15:13:22] "GET /js/home.js HTTP/1.1" 200 -
::1 - - [21/Sep/2026 15:13:22] code 404, message File not found
::1 - - [21/Sep/2026 15:13:22] "GET /hybridaction/zybTrackerStatisticsAction?data=%7B%7D&__callback__=__cb__zybTrackerStatisticsAction__00f1a610_c31e_4749_928f_16967e044c9a__0 HTTP/1.1" 404 -
::1 - - [21/Sep/2026 15:13:22] code 404, message File not found
::1 - - [21/Sep/2026 15:13:22] "GET /hybridaction/zybTrackerStatisticsAction?data=%7B%7D&__callback__=__cb__zybTrackerStatisticsAction__963eec85_7b9e_4213_b454_61e5bdf77d23__1 HTTP/1.1" 404 -
::1 - - [21/Sep/2026 15:13:27] "GET /pages/news.html HTTP/1.1" 200 -
::1 - - [21/Sep/2026 15:13:27] "GET /js/news.js HTTP/1.1" 200 -
::1 - - [21/Sep/2026 15:13:27] code 404, message File not found
::1 - - [21/Sep/2026 15:13:27] "GET /hybridaction/zybTrackerStatisticsAction?data=%7B%7D&__callback__=__cb__zybTrackerStatisticsAction__4fecf19f_e4d2_4528_a8de_ab6a3c3aa123__0 HTTP/1.1" 404 -
::1 - - [21/Sep/2026 15:13:27] code 404, message File not found
::1 - - [21/Sep/2026 15:13:27] "GET /hybridaction/zybTrackerStatisticsAction?data=%7B%7D&__callback__=__cb__zybTrackerStatisticsAction__0858e9b3_b2c6_4ddc_8599_d5aba93f997e__1 HTTP/1.1" 404 -
::1 - - [21/Sep/2026 15:13:28] "GET /pages/credit.html HTTP/1.1" 200 -
::1 - - [21/Sep/2026 15:13:28] "GET /js/credit.js HTTP/1.1" 200 -
::1 - - [21/Sep/2026 15:13:28] code 404, message File not found
::1 - - [21/Sep/2026 15:13:28] "GET /hybridaction/zybTrackerStatisticsAction?data=%7B%7D&__callback__=__cb__zybTrackerStatisticsAction__9eb6633f_8870_4fe5_b0cf_58ef3b0c1663__0 HTTP/1.1" 404 -
::1 - - [21/Sep/2026 15:13:28] code 404, message File not found
::1 - - [21/Sep/2026 15:13:28] "GET /hybridaction/zybTrackerStatisticsAction?data=%7B%7D&__callback__=__cb__zybTrackerStatisticsAction__73fbf266_daeb_4224_91cd_e05da6f8dca2__1 HTTP/1.1" 404 -
::1 - - [21/Sep/2026 15:13:32] code 404, message File not found
::1 - - [21/Sep/2026 15:13:32] "GET /hybridaction/zybTrackerStatisticsAction?data=%7B%7D&__callback__=__cb__zybTrackerStatisticsAction__1c3e37f1_db8d_4563_a5de_eee83c85cc2e__0 HTTP/1.1" 404 -
::1 - - [21/Sep/2026 15:13:32] code 404, message File not found
::1 - - [21/Sep/2026 15:13:32] "GET /hybridaction/zybTrackerStatisticsAction?data=%7B%7D&__callback__=__cb__zybTrackerStatisticsAction__70c0ba62_4451_4db8_85ef_267f5185e0fa__1 HTTP/1.1" 404 -
::1 - - [21/Sep/2026 15:13:35] "GET /pages/apply.html?nav=1 HTTP/1.1" 200 -
::1 - - [21/Sep/2026 15:13:35] "GET /js/apply.js HTTP/1.1" 200 -
::1 - - [21/Sep/2026 15:13:36] code 404, message File not found
::1 - - [21/Sep/2026 15:13:36] "GET /hybridaction/zybTrackerStatisticsAction?data=%7B%7D&__callback__=__cb__zybTrackerStatisticsAction__4ec0d16c_b63c_43e8_b087_6cd6504dc643__0 HTTP/1.1" 404 -
::1 - - [21/Sep/2026 15:13:36] code 404, message File not found
::1 - - [21/Sep/2026 15:13:36] "GET /hybridaction/zybTrackerStatisticsAction?data=%7B%7D&__callback__=__cb__zybTrackerStatisticsAction__6e19e92a_7a32_4af4_a7d9_fbc9588ff1b9__1 HTTP/1.1" 404 -
::1 - - [21/Sep/2026 15:13:39] code 404, message File not found
::1 - - [21/Sep/2026 15:13:39] "GET /hybridaction/zybTrackerStatisticsAction?data=%7B%7D&__callback__=__cb__zybTrackerStatisticsAction__fe43cb74_5ac9_4f1d_b479_ca325cd9ca05__0 HTTP/1.1" 404 -
::1 - - [21/Sep/2026 15:13:39] code 404, message File not found
::1 - - [21/Sep/2026 15:13:39] "GET /hybridaction/zybTrackerStatisticsAction?data=%7B%7D&__callback__=__cb__zybTrackerStatisticsAction__ac1613e5_2ce7_4232_9d29_3bd2319b17e2__1 HTTP/1.1" 404 -
::1 - - [21/Sep/2026 17:51:39] "GET /index.html HTTP/1.1" 200 -
::1 - - [21/Sep/2026 17:51:39] "GET /css/common.css HTTP/1.1" 200 -
::1 - - [21/Sep/2026 17:51:39] "GET /css/pages.css HTTP/1.1" 200 -
::1 - - [21/Sep/2026 17:51:39] "GET /js/api.js HTTP/1.1" 200 -
::1 - - [21/Sep/2026 17:51:39] "GET /vendor/vue.global.prod.js HTTP/1.1" 200 -
::1 - - [21/Sep/2026 17:51:39] "GET /js/constants.js HTTP/1.1" 200 -
::1 - - [21/Sep/2026 17:51:39] "GET /js/db.js HTTP/1.1" 200 -
::1 - - [21/Sep/2026 17:51:39] "GET /js/utils.js HTTP/1.1" 200 -
::1 - - [21/Sep/2026 17:51:39] "GET /js/components.js HTTP/1.1" 200 -
::1 - - [21/Sep/2026 17:51:39] "GET /js/home.js HTTP/1.1" 200 -
::1 - - [21/Sep/2026 17:51:39] code 404, message File not found
::1 - - [21/Sep/2026 17:51:39] "GET /hybridaction/zybTrackerStatisticsAction?data=%7B%7D&__callback__=__cb__zybTrackerStatisticsAction__a7f61371_ef21_4a99_a8f4_1d41bb59bdb7__0 HTTP/1.1" 404 -
::1 - - [21/Sep/2026 17:51:40] code 404, message File not found
::1 - - [21/Sep/2026 17:51:40] "GET /hybridaction/zybTrackerStatisticsAction?data=%7B%7D&__callback__=__cb__zybTrackerStatisticsAction__199f476b_2380_4ea5_820f_47939b0c78cf__1 HTTP/1.1" 404 -
::1 - - [21/Sep/2026 17:51:44] "GET /pages/login.html HTTP/1.1" 200 -
::1 - - [21/Sep/2026 17:51:44] "GET /css/auth.css HTTP/1.1" 200 -
::1 - - [21/Sep/2026 17:51:44] "GET /js/login.js HTTP/1.1" 200 -
::1 - - [21/Sep/2026 17:51:44] code 404, message File not found
::1 - - [21/Sep/2026 17:51:44] "GET /hybridaction/zybTrackerStatisticsAction?data=%7B%7D&__callback__=__cb__zybTrackerStatisticsAction__0e4c6ea1_da27_46b9_961d_20ac87caf8bc__0 HTTP/1.1" 404 -
::1 - - [21/Sep/2026 17:51:44] code 404, message File not found
::1 - - [21/Sep/2026 17:51:44] "GET /hybridaction/zybTrackerStatisticsAction?data=%7B%7D&__callback__=__cb__zybTrackerStatisticsAction__99fa07a1_e3d5_4273_aa30_14819a77921f__1 HTTP/1.1" 404 -
::1 - - [21/Sep/2026 17:51:48] "GET /pages/audit.html HTTP/1.1" 200 -
::1 - - [21/Sep/2026 17:51:48] "GET /js/audit.js HTTP/1.1" 200 -
::1 - - [21/Sep/2026 17:51:48] code 404, message File not found
::1 - - [21/Sep/2026 17:51:48] "GET /hybridaction/zybTrackerStatisticsAction?data=%7B%7D&__callback__=__cb__zybTrackerStatisticsAction__1d387278_565d_4df8_874f_43c68f0914eb__0 HTTP/1.1" 404 -
::1 - - [21/Sep/2026 17:51:48] code 404, message File not found
::1 - - [21/Sep/2026 17:51:48] "GET /hybridaction/zybTrackerStatisticsAction?data=%7B%7D&__callback__=__cb__zybTrackerStatisticsAction__97e85f26_b5d1_4eec_9163_345b2aed5c4d__1 HTTP/1.1" 404 -
::1 - - [21/Sep/2026 17:51:57] code 404, message File not found
::1 - - [21/Sep/2026 17:51:57] "GET /hybridaction/zybTrackerStatisticsAction?data=%7B%7D&__callback__=__cb__zybTrackerStatisticsAction__a243722b_dbdd_46d3_86ff_4e5ca72d62a8__0 HTTP/1.1" 404 -
::1 - - [21/Sep/2026 17:51:57] code 404, message File not found
::1 - - [21/Sep/2026 17:51:57] "GET /hybridaction/zybTrackerStatisticsAction?data=%7B%7D&__callback__=__cb__zybTrackerStatisticsAction__43ca86e6_a0da_4270_a2f3_b36922ada664__1 HTTP/1.1" 404 -
::1 - - [21/Sep/2026 17:52:02] code 404, message File not found
::1 - - [21/Sep/2026 17:52:02] "GET /hybridaction/zybTrackerStatisticsAction?data=%7B%7D&__callback__=__cb__zybTrackerStatisticsAction__4fcbef73_08d5_4820_9028_dd4f3c96ebd2__0 HTTP/1.1" 404 -
::1 - - [21/Sep/2026 17:52:02] code 404, message File not found
::1 - - [21/Sep/2026 17:52:02] "GET /hybridaction/zybTrackerStatisticsAction?data=%7B%7D&__callback__=__cb__zybTrackerStatisticsAction__d40b5cdb_859f_4fda_a467_b896a02b3452__1 HTTP/1.1" 404 -
::1 - - [21/Sep/2026 17:52:20] code 404, message File not found
::1 - - [21/Sep/2026 17:52:20] "GET /hybridaction/zybTrackerStatisticsAction?data=%7B%7D&__callback__=__cb__zybTrackerStatisticsAction__d09463eb_46b2_4163_afba_24c11c8547ec__0 HTTP/1.1" 404 -
::1 - - [21/Sep/2026 17:52:20] code 404, message File not found
::1 - - [21/Sep/2026 17:52:20] "GET /hybridaction/zybTrackerStatisticsAction?data=%7B%7D&__callback__=__cb__zybTrackerStatisticsAction__cf82985d_3648_4ce9_b2b9_2ae805086a52__1 HTTP/1.1" 404 -
::1 - - [21/Sep/2026 17:52:23] code 404, message File not found
::1 - - [21/Sep/2026 17:52:23] "GET /hybridaction/zybTrackerStatisticsAction?data=%7B%7D&__callback__=__cb__zybTrackerStatisticsAction__9d6b758c_2dbd_4311_b1aa_b3011e39a9f6__0 HTTP/1.1" 404 -
::1 - - [21/Sep/2026 17:52:23] code 404, message File not found
::1 - - [21/Sep/2026 17:52:23] "GET /hybridaction/zybTrackerStatisticsAction?data=%7B%7D&__callback__=__cb__zybTrackerStatisticsAction__00b1ccbd_4039_48e3_be4c_d43b3a42eb0f__1 HTTP/1.1" 404 -
::1 - - [21/Sep/2026 17:52:25] "GET /js/my-apply.js HTTP/1.1" 200 -
::1 - - [21/Sep/2026 17:52:25] code 404, message File not found
::1 - - [21/Sep/2026 17:52:25] "GET /hybridaction/zybTrackerStatisticsAction?data=%7B%7D&__callback__=__cb__zybTrackerStatisticsAction__e81184bd_75e9_4469_bd08_97320c88264c__0 HTTP/1.1" 404 -
::1 - - [21/Sep/2026 17:52:25] code 404, message File not found
::1 - - [21/Sep/2026 17:52:25] "GET /hybridaction/zybTrackerStatisticsAction?data=%7B%7D&__callback__=__cb__zybTrackerStatisticsAction__4bc0b071_da3b_465f_82b0_e49117fc6125__1 HTTP/1.1" 404 -
::1 - - [21/Sep/2026 17:52:27] "GET /pages/apply.html?nav=1 HTTP/1.1" 200 -
::1 - - [21/Sep/2026 17:52:27] "GET /js/apply.js HTTP/1.1" 200 -
::1 - - [21/Sep/2026 17:52:27] code 404, message File not found
::1 - - [21/Sep/2026 17:52:27] "GET /hybridaction/zybTrackerStatisticsAction?data=%7B%7D&__callback__=__cb__zybTrackerStatisticsAction__3f1d3fc3_e353_409e_8e5c_5cb730a5419f__0 HTTP/1.1" 404 -
::1 - - [21/Sep/2026 17:52:28] code 404, message File not found
::1 - - [21/Sep/2026 17:52:28] "GET /hybridaction/zybTrackerStatisticsAction?data=%7B%7D&__callback__=__cb__zybTrackerStatisticsAction__d0141fdb_d9a4_4cdf_b5ad_576f76fb33bb__1 HTTP/1.1" 404 -
::1 - - [21/Sep/2026 17:53:51] "GET /pages/apply-result.html?id=SQ20260921002 HTTP/1.1" 200 -
::1 - - [21/Sep/2026 17:53:51] "GET /js/apply-result.js HTTP/1.1" 200 -
::1 - - [21/Sep/2026 17:53:51] code 404, message File not found
::1 - - [21/Sep/2026 17:53:51] "GET /hybridaction/zybTrackerStatisticsAction?data=%7B%7D&__callback__=__cb__zybTrackerStatisticsAction__3c9bbe67_342c_4dff_add4_fefd18bab1c8__0 HTTP/1.1" 404 -
::1 - - [21/Sep/2026 17:53:52] code 404, message File not found
::1 - - [21/Sep/2026 17:53:52] "GET /hybridaction/zybTrackerStatisticsAction?data=%7B%7D&__callback__=__cb__zybTrackerStatisticsAction__d83f162c_6276_4962_acc5_23bcc43918ef__1 HTTP/1.1" 404 -
::1 - - [21/Sep/2026 17:53:54] "GET /pages/my-apply.html?id=SQ20260921002 HTTP/1.1" 200 -
::1 - - [21/Sep/2026 17:53:55] code 404, message File not found
::1 - - [21/Sep/2026 17:53:55] "GET /hybridaction/zybTrackerStatisticsAction?data=%7B%7D&__callback__=__cb__zybTrackerStatisticsAction__3099c2e0_9ae9_4209_b078_2bf56fba4680__0 HTTP/1.1" 404 -
::1 - - [21/Sep/2026 17:53:55] code 404, message File not found
::1 - - [21/Sep/2026 17:53:55] "GET /hybridaction/zybTrackerStatisticsAction?data=%7B%7D&__callback__=__cb__zybTrackerStatisticsAction__c3d52d27_da6b_4a72_932e_59f85f0d2dac__1 HTTP/1.1" 404 -
::1 - - [21/Sep/2026 17:53:58] code 404, message File not found
::1 - - [21/Sep/2026 17:53:58] "GET /hybridaction/zybTrackerStatisticsAction?data=%7B%7D&__callback__=__cb__zybTrackerStatisticsAction__2c3fa7e9_463a_476e_988f_6b4b14dd30d3__0 HTTP/1.1" 404 -
::1 - - [21/Sep/2026 17:53:58] code 404, message File not found
::1 - - [21/Sep/2026 17:53:58] "GET /hybridaction/zybTrackerStatisticsAction?data=%7B%7D&__callback__=__cb__zybTrackerStatisticsAction__25a60a07_7fbc_4f4b_9330_84c0b8e96970__1 HTTP/1.1" 404 -
::1 - - [21/Sep/2026 17:54:01] code 404, message File not found
::1 - - [21/Sep/2026 17:54:01] "GET /hybridaction/zybTrackerStatisticsAction?data=%7B%7D&__callback__=__cb__zybTrackerStatisticsAction__1b9a67f1_aa19_4fa6_baea_cf4f4e29d2f0__0 HTTP/1.1" 404 -
::1 - - [21/Sep/2026 17:54:01] code 404, message File not found
::1 - - [21/Sep/2026 17:54:01] "GET /hybridaction/zybTrackerStatisticsAction?data=%7B%7D&__callback__=__cb__zybTrackerStatisticsAction__2f509c93_b475_46b2_9e43_203f61fc7b38__1 HTTP/1.1" 404 -
::1 - - [21/Sep/2026 17:54:20] code 404, message File not found
::1 - - [21/Sep/2026 17:54:20] "GET /hybridaction/zybTrackerStatisticsAction?data=%7B%7D&__callback__=__cb__zybTrackerStatisticsAction__5dc3f95c_9873_48d6_bbaf_81bea3157367__0 HTTP/1.1" 404 -
::1 - - [21/Sep/2026 17:54:20] code 404, message File not found
::1 - - [21/Sep/2026 17:54:20] "GET /hybridaction/zybTrackerStatisticsAction?data=%7B%7D&__callback__=__cb__zybTrackerStatisticsAction__42223702_589f_4d4b_b63e_cc14db4b23b6__1 HTTP/1.1" 404 -
::1 - - [21/Sep/2026 17:54:22] code 404, message File not found
::1 - - [21/Sep/2026 17:54:22] "GET /hybridaction/zybTrackerStatisticsAction?data=%7B%7D&__callback__=__cb__zybTrackerStatisticsAction__088aa654_7d6a_48b5_ad17_a6437125fdbc__0 HTTP/1.1" 404 -
::1 - - [21/Sep/2026 17:54:23] code 404, message File not found
::1 - - [21/Sep/2026 17:54:23] "GET /hybridaction/zybTrackerStatisticsAction?data=%7B%7D&__callback__=__cb__zybTrackerStatisticsAction__2c94b5b9_1f65_4ab7_9fcf_374775c09f22__1 HTTP/1.1" 404 -
::1 - - [21/Sep/2026 17:54:24] code 404, message File not found
::1 - - [21/Sep/2026 17:54:24] "GET /hybridaction/zybTrackerStatisticsAction?data=%7B%7D&__callback__=__cb__zybTrackerStatisticsAction__aae8da7b_d58a_4455_9fae_b3d091bdb31d__0 HTTP/1.1" 404 -
::1 - - [21/Sep/2026 17:54:24] code 404, message File not found
::1 - - [21/Sep/2026 17:54:24] "GET /hybridaction/zybTrackerStatisticsAction?data=%7B%7D&__callback__=__cb__zybTrackerStatisticsAction__6faf671b_2b1d_4e99_bcf1_a796af375128__1 HTTP/1.1" 404 -
::1 - - [21/Sep/2026 17:54:53] "GET /pages/news.html HTTP/1.1" 200 -
::1 - - [21/Sep/2026 17:54:53] "GET /js/news.js HTTP/1.1" 200 -
::1 - - [21/Sep/2026 17:54:53] code 404, message File not found
::1 - - [21/Sep/2026 17:54:53] "GET /hybridaction/zybTrackerStatisticsAction?data=%7B%7D&__callback__=__cb__zybTrackerStatisticsAction__6621cf33_c603_44a5_b465_71b52c8e7109__0 HTTP/1.1" 404 -
::1 - - [21/Sep/2026 17:54:53] code 404, message File not found
::1 - - [21/Sep/2026 17:54:53] "GET /hybridaction/zybTrackerStatisticsAction?data=%7B%7D&__callback__=__cb__zybTrackerStatisticsAction__7c79e7f2_ea72_48a5_8890_3e01eb492045__1 HTTP/1.1" 404 -
::1 - - [21/Sep/2026 17:54:54] "GET /pages/credit.html HTTP/1.1" 200 -
::1 - - [21/Sep/2026 17:54:54] "GET /js/credit.js HTTP/1.1" 200 -
::1 - - [21/Sep/2026 17:54:54] code 404, message File not found
::1 - - [21/Sep/2026 17:54:54] "GET /hybridaction/zybTrackerStatisticsAction?data=%7B%7D&__callback__=__cb__zybTrackerStatisticsAction__56fb2f66_3695_4e6b_8781_8f4b1c938df0__0 HTTP/1.1" 404 -
::1 - - [21/Sep/2026 17:54:54] code 404, message File not found
::1 - - [21/Sep/2026 17:54:54] "GET /hybridaction/zybTrackerStatisticsAction?data=%7B%7D&__callback__=__cb__zybTrackerStatisticsAction__0816fdd5_9e07_4501_b12d_4a6b3c6bce17__1 HTTP/1.1" 404 -
::1 - - [21/Sep/2026 17:54:54] "GET /pages/products.html HTTP/1.1" 200 -
::1 - - [21/Sep/2026 17:54:54] "GET /js/products.js HTTP/1.1" 200 -
::1 - - [21/Sep/2026 17:54:54] code 404, message File not found
::1 - - [21/Sep/2026 17:54:54] "GET /hybridaction/zybTrackerStatisticsAction?data=%7B%7D&__callback__=__cb__zybTrackerStatisticsAction__00e5cc83_7917_4df6_bff3_b1bd382aab03__0 HTTP/1.1" 404 -
::1 - - [21/Sep/2026 17:54:54] code 404, message File not found
::1 - - [21/Sep/2026 17:54:54] "GET /hybridaction/zybTrackerStatisticsAction?data=%7B%7D&__callback__=__cb__zybTrackerStatisticsAction__d399f031_f919_41e1_9293_e951db164ff1__1 HTTP/1.1" 404 -
::1 - - [21/Sep/2026 17:54:55] code 404, message File not found
::1 - - [21/Sep/2026 17:54:55] "GET /hybridaction/zybTrackerStatisticsAction?data=%7B%7D&__callback__=__cb__zybTrackerStatisticsAction__cb20ad06_e8f2_4f00_926d_8ad0555dcc48__0 HTTP/1.1" 404 -
::1 - - [21/Sep/2026 17:54:55] code 404, message File not found
::1 - - [21/Sep/2026 17:54:55] "GET /hybridaction/zybTrackerStatisticsAction?data=%7B%7D&__callback__=__cb__zybTrackerStatisticsAction__74164dbc_3888_44fa_94f8_d599b9ba06da__1 HTTP/1.1" 404 -
::1 - - [21/Sep/2026 17:54:57] code 404, message File not found
::1 - - [21/Sep/2026 17:54:57] "GET /hybridaction/zybTrackerStatisticsAction?data=%7B%7D&__callback__=__cb__zybTrackerStatisticsAction__7ba77543_a934_4608_ac91_bdc1bffe79ad__0 HTTP/1.1" 404 -
::1 - - [21/Sep/2026 17:54:57] code 404, message File not found
::1 - - [21/Sep/2026 17:54:57] "GET /hybridaction/zybTrackerStatisticsAction?data=%7B%7D&__callback__=__cb__zybTrackerStatisticsAction__460ed98f_a322_4bff_94a5_a87d06a2e589__1 HTTP/1.1" 404 -
::1 - - [21/Sep/2026 17:54:58] code 404, message File not found
::1 - - [21/Sep/2026 17:54:58] "GET /hybridaction/zybTrackerStatisticsAction?data=%7B%7D&__callback__=__cb__zybTrackerStatisticsAction__69882d97_531e_40de_9daf_710e7b50ddfe__0 HTTP/1.1" 404 -
::1 - - [21/Sep/2026 17:54:58] code 404, message File not found
::1 - - [21/Sep/2026 17:54:58] "GET /hybridaction/zybTrackerStatisticsAction?data=%7B%7D&__callback__=__cb__zybTrackerStatisticsAction__3d78e06a_4d51_412d_a2b7_505c7fee4b3c__1 HTTP/1.1" 404 -
::1 - - [21/Sep/2026 17:54:59] code 404, message File not found
::1 - - [21/Sep/2026 17:54:59] "GET /hybridaction/zybTrackerStatisticsAction?data=%7B%7D&__callback__=__cb__zybTrackerStatisticsAction__1002aa54_0e55_46e0_837e_53194624b95c__0 HTTP/1.1" 404 -
::1 - - [21/Sep/2026 17:54:59] code 404, message File not found
::1 - - [21/Sep/2026 17:54:59] "GET /hybridaction/zybTrackerStatisticsAction?data=%7B%7D&__callback__=__cb__zybTrackerStatisticsAction__f509eeaf_5efa_4b9a_89d9_13bb41816480__1 HTTP/1.1" 404 -
::1 - - [21/Sep/2026 17:55:04] code 404, message File not found
::1 - - [21/Sep/2026 17:55:04] "GET /hybridaction/zybTrackerStatisticsAction?data=%7B%7D&__callback__=__cb__zybTrackerStatisticsAction__13361686_bedd_4eec_a3a2_2447b8d8d8c4__0 HTTP/1.1" 404 -
::1 - - [21/Sep/2026 17:55:04] code 404, message File not found
::1 - - [21/Sep/2026 17:55:04] "GET /hybridaction/zybTrackerStatisticsAction?data=%7B%7D&__callback__=__cb__zybTrackerStatisticsAction__16bb05d3_07c5_4e30_9022_3e4b0d81ea52__1 HTTP/1.1" 404 -
::1 - - [22/Sep/2026 09:15:06] "GET /index.html HTTP/1.1" 200 -
::1 - - [22/Sep/2026 09:15:11] "GET /index.html HTTP/1.1" 304 -
::1 - - [22/Sep/2026 09:15:11] "GET /index.html HTTP/1.1" 304 -
::1 - - [22/Sep/2026 09:15:11] "GET /css/common.css HTTP/1.1" 304 -
::1 - - [22/Sep/2026 09:15:11] "GET /css/pages.css HTTP/1.1" 304 -
::1 - - [22/Sep/2026 09:15:11] "GET /js/constants.js HTTP/1.1" 304 -
::1 - - [22/Sep/2026 09:15:11] "GET /js/api.js HTTP/1.1" 304 -
::1 - - [22/Sep/2026 09:15:11] "GET /vendor/vue.global.prod.js HTTP/1.1" 304 -
::1 - - [22/Sep/2026 09:15:11] "GET /js/utils.js HTTP/1.1" 304 -
::1 - - [22/Sep/2026 09:15:11] "GET /js/db.js HTTP/1.1" 304 -
::1 - - [22/Sep/2026 09:15:11] "GET /css/pages.css HTTP/1.1" 304 -
::1 - - [22/Sep/2026 09:15:11] "GET /js/components.js HTTP/1.1" 304 -
::1 - - [22/Sep/2026 09:15:11] "GET /js/api.js HTTP/1.1" 304 -
::1 - - [22/Sep/2026 09:15:11] "GET /js/home.js HTTP/1.1" 304 -
::1 - - [22/Sep/2026 09:15:11] "GET /js/db.js HTTP/1.1" 304 -
::1 - - [22/Sep/2026 09:15:11] "GET /js/components.js HTTP/1.1" 304 -
::1 - - [22/Sep/2026 09:15:11] "GET /js/home.js HTTP/1.1" 304 -
::1 - - [22/Sep/2026 09:15:20] "GET /index.html HTTP/1.1" 200 -
::1 - - [22/Sep/2026 09:15:20] "GET /css/common.css HTTP/1.1" 200 -
::1 - - [22/Sep/2026 09:15:20] "GET /css/pages.css HTTP/1.1" 200 -
::1 - - [22/Sep/2026 09:15:20] "GET /vendor/vue.global.prod.js HTTP/1.1" 200 -
::1 - - [22/Sep/2026 09:15:20] "GET /js/constants.js HTTP/1.1" 200 -
::1 - - [22/Sep/2026 09:15:20] "GET /js/api.js HTTP/1.1" 200 -
::1 - - [22/Sep/2026 09:15:20] "GET /js/db.js HTTP/1.1" 200 -
::1 - - [22/Sep/2026 09:15:20] "GET /js/utils.js HTTP/1.1" 200 -
::1 - - [22/Sep/2026 09:15:20] "GET /js/components.js HTTP/1.1" 200 -
::1 - - [22/Sep/2026 09:15:20] "GET /js/home.js HTTP/1.1" 200 -
::1 - - [22/Sep/2026 09:15:20] code 404, message File not found
::1 - - [22/Sep/2026 09:15:20] "GET /hybridaction/zybTrackerStatisticsAction?data=%7B%7D&__callback__=__cb__zybTrackerStatisticsAction__32a80dd1_e05a_46b7_9bc0_c46e50ad09b4__0 HTTP/1.1" 404 -
::1 - - [22/Sep/2026 09:15:20] code 404, message File not found
::1 - - [22/Sep/2026 09:15:20] "GET /hybridaction/zybTrackerStatisticsAction?data=%7B%7D&__callback__=__cb__zybTrackerStatisticsAction__2487bce1_4e91_4d1a_ae55_fee700726d6b__1 HTTP/1.1" 404 -
::1 - - [22/Sep/2026 09:15:31] "GET /pages/login.html HTTP/1.1" 200 -
::1 - - [22/Sep/2026 09:15:31] "GET /css/auth.css HTTP/1.1" 200 -
::1 - - [22/Sep/2026 09:15:31] "GET /js/login.js HTTP/1.1" 200 -
::1 - - [22/Sep/2026 09:15:31] code 404, message File not found
::1 - - [22/Sep/2026 09:15:31] "GET /hybridaction/zybTrackerStatisticsAction?data=%7B%7D&__callback__=__cb__zybTrackerStatisticsAction__f2450d7d_3b94_4121_b870_34ed077c946d__0 HTTP/1.1" 404 -
::1 - - [22/Sep/2026 09:15:31] code 404, message File not found
::1 - - [22/Sep/2026 09:15:31] "GET /hybridaction/zybTrackerStatisticsAction?data=%7B%7D&__callback__=__cb__zybTrackerStatisticsAction__1fb79cdf_812b_4626_9cac_3bc2c9adbab2__1 HTTP/1.1" 404 -
::1 - - [22/Sep/2026 09:15:34] code 404, message File not found
::1 - - [22/Sep/2026 09:15:34] "GET /hybridaction/zybTrackerStatisticsAction?data=%7B%7D&__callback__=__cb__zybTrackerStatisticsAction__dc16aa0b_4c7f_47bf_a300_850913a4a1cb__0 HTTP/1.1" 404 -
::1 - - [22/Sep/2026 09:15:34] code 404, message File not found
::1 - - [22/Sep/2026 09:15:34] "GET /hybridaction/zybTrackerStatisticsAction?data=%7B%7D&__callback__=__cb__zybTrackerStatisticsAction__edc922c2_7112_4348_a46f_1bf5bb85646d__1 HTTP/1.1" 404 -
::1 - - [22/Sep/2026 09:15:35] "GET /pages/products.html HTTP/1.1" 200 -
::1 - - [22/Sep/2026 09:15:35] "GET /js/products.js HTTP/1.1" 200 -
::1 - - [22/Sep/2026 09:15:35] code 404, message File not found
::1 - - [22/Sep/2026 09:15:35] "GET /hybridaction/zybTrackerStatisticsAction?data=%7B%7D&__callback__=__cb__zybTrackerStatisticsAction__979088cd_3228_44aa_9c9a_7ef2ef52d463__0 HTTP/1.1" 404 -
::1 - - [22/Sep/2026 09:15:35] code 404, message File not found
::1 - - [22/Sep/2026 09:15:35] "GET /hybridaction/zybTrackerStatisticsAction?data=%7B%7D&__callback__=__cb__zybTrackerStatisticsAction__8604727a_c4f0_4cb8_93fe_79fd41430665__1 HTTP/1.1" 404 -
::1 - - [22/Sep/2026 09:15:36] "GET /pages/credit.html HTTP/1.1" 200 -
::1 - - [22/Sep/2026 09:15:37] "GET /js/credit.js HTTP/1.1" 200 -
::1 - - [22/Sep/2026 09:15:37] code 404, message File not found
::1 - - [22/Sep/2026 09:15:37] "GET /hybridaction/zybTrackerStatisticsAction?data=%7B%7D&__callback__=__cb__zybTrackerStatisticsAction__affea897_c2e0_4123_b690_3184364840e7__0 HTTP/1.1" 404 -
::1 - - [22/Sep/2026 09:15:37] code 404, message File not found
::1 - - [22/Sep/2026 09:15:37] "GET /hybridaction/zybTrackerStatisticsAction?data=%7B%7D&__callback__=__cb__zybTrackerStatisticsAction__e923dae7_4a80_4af7_b82f_f742eabe640a__1 HTTP/1.1" 404 -
::1 - - [22/Sep/2026 09:50:18] "GET /pages/my-apply.html HTTP/1.1" 200 -
::1 - - [22/Sep/2026 09:50:18] "GET /css/common.css HTTP/1.1" 200 -
::1 - - [22/Sep/2026 09:50:18] "GET /css/pages.css HTTP/1.1" 200 -
::1 - - [22/Sep/2026 09:50:18] "GET /js/api.js HTTP/1.1" 200 -
::1 - - [22/Sep/2026 09:50:18] "GET /js/constants.js HTTP/1.1" 200 -
::1 - - [22/Sep/2026 09:50:18] "GET /js/db.js HTTP/1.1" 200 -
::1 - - [22/Sep/2026 09:50:18] "GET /js/components.js HTTP/1.1" 200 -
::1 - - [22/Sep/2026 09:50:18] "GET /js/my-apply.js HTTP/1.1" 200 -
::1 - - [22/Sep/2026 09:50:18] "GET /js/utils.js HTTP/1.1" 200 -
::1 - - [22/Sep/2026 09:50:18] "GET /vendor/vue.global.prod.js HTTP/1.1" 200 -
::1 - - [22/Sep/2026 09:50:18] code 404, message File not found
::1 - - [22/Sep/2026 09:50:18] "GET /hybridaction/zybTrackerStatisticsAction?data=%7B%7D&__callback__=__cb__zybTrackerStatisticsAction__da1bf910_aa42_4a67_a4ce_4874b9976cf9__0 HTTP/1.1" 404 -
::1 - - [22/Sep/2026 09:50:18] code 404, message File not found
::1 - - [22/Sep/2026 09:50:18] "GET /hybridaction/zybTrackerStatisticsAction?data=%7B%7D&__callback__=__cb__zybTrackerStatisticsAction__e9e61bff_0b99_4e37_886d_8a4e05d5b528__1 HTTP/1.1" 404 -
::1 - - [22/Sep/2026 10:26:54] "GET /css/common.css HTTP/1.1" 200 -
::1 - - [22/Sep/2026 10:26:54] "GET /css/pages.css HTTP/1.1" 200 -
::1 - - [22/Sep/2026 10:26:54] "GET /vendor/vue.global.prod.js HTTP/1.1" 200 -
::1 - - [22/Sep/2026 10:26:54] "GET /js/constants.js HTTP/1.1" 200 -
::1 - - [22/Sep/2026 10:26:54] "GET /js/api.js HTTP/1.1" 200 -
::1 - - [22/Sep/2026 10:26:54] "GET /js/db.js HTTP/1.1" 200 -
::1 - - [22/Sep/2026 10:26:54] "GET /js/utils.js HTTP/1.1" 200 -
::1 - - [22/Sep/2026 10:26:54] "GET /js/components.js HTTP/1.1" 200 -
::1 - - [22/Sep/2026 10:26:54] "GET /js/home.js HTTP/1.1" 200 -
::1 - - [22/Sep/2026 10:26:54] code 404, message File not found
::1 - - [22/Sep/2026 10:26:54] "GET /hybridaction/zybTrackerStatisticsAction?data=%7B%7D&__callback__=__cb__zybTrackerStatisticsAction__97e440b7_6570_419e_bf05_736734296880__0 HTTP/1.1" 404 -
::1 - - [22/Sep/2026 10:26:54] code 404, message File not found
::1 - - [22/Sep/2026 10:26:54] "GET /hybridaction/zybTrackerStatisticsAction?data=%7B%7D&__callback__=__cb__zybTrackerStatisticsAction__f217635d_6654_4e19_a5bb_16510f73ee37__1 HTTP/1.1" 404 -
::1 - - [22/Sep/2026 10:26:55] code 404, message File not found
::1 - - [22/Sep/2026 10:26:55] "GET /hybridaction/zybTrackerStatisticsAction?data=%7B%7D&__callback__=__cb__zybTrackerStatisticsAction__b321c3b7_d706_4a66_95ec_5b275c7cda3b__0 HTTP/1.1" 404 -
::1 - - [22/Sep/2026 10:26:55] code 404, message File not found
::1 - - [22/Sep/2026 10:26:55] "GET /hybridaction/zybTrackerStatisticsAction?data=%7B%7D&__callback__=__cb__zybTrackerStatisticsAction__1a226800_3efd_4d0e_a4b6_0e77d14b6de6__1 HTTP/1.1" 404 -
::1 - - [22/Sep/2026 10:35:44] "GET /pages/login.html HTTP/1.1" 200 -
::1 - - [22/Sep/2026 10:35:44] "GET /css/auth.css HTTP/1.1" 200 -
::1 - - [22/Sep/2026 10:35:44] "GET /js/login.js HTTP/1.1" 200 -
::1 - - [22/Sep/2026 10:35:44] code 404, message File not found
::1 - - [22/Sep/2026 10:35:44] "GET /hybridaction/zybTrackerStatisticsAction?data=%7B%7D&__callback__=__cb__zybTrackerStatisticsAction__f17abeb2_adf3_4ab5_8226_becd30d66662__0 HTTP/1.1" 404 -
::1 - - [22/Sep/2026 10:35:45] code 404, message File not found
::1 - - [22/Sep/2026 10:35:45] "GET /hybridaction/zybTrackerStatisticsAction?data=%7B%7D&__callback__=__cb__zybTrackerStatisticsAction__72a4177f_4df8_48df_98eb_768f2b47ece6__1 HTTP/1.1" 404 -
::1 - - [22/Sep/2026 10:35:58] code 404, message File not found
::1 - - [22/Sep/2026 10:35:58] "GET /hybridaction/zybTrackerStatisticsAction?data=%7B%7D&__callback__=__cb__zybTrackerStatisticsAction__cdb9b3d2_6cd6_4645_9b5a_56dcc6cac35c__0 HTTP/1.1" 404 -
::1 - - [22/Sep/2026 10:35:58] code 404, message File not found
::1 - - [22/Sep/2026 10:35:58] "GET /hybridaction/zybTrackerStatisticsAction?data=%7B%7D&__callback__=__cb__zybTrackerStatisticsAction__17dcfa70_f371_4371_8fa1_a0090833f777__1 HTTP/1.1" 404 -
::1 - - [22/Sep/2026 10:36:24] "GET /pages/products.html HTTP/1.1" 200 -
::1 - - [22/Sep/2026 10:36:24] "GET /js/products.js HTTP/1.1" 200 -
::1 - - [22/Sep/2026 10:36:24] code 404, message File not found
::1 - - [22/Sep/2026 10:36:24] "GET /hybridaction/zybTrackerStatisticsAction?data=%7B%7D&__callback__=__cb__zybTrackerStatisticsAction__c4d19069_d468_49a2_a9ed_18f9de6532fd__0 HTTP/1.1" 404 -
::1 - - [22/Sep/2026 10:36:25] code 404, message File not found
::1 - - [22/Sep/2026 10:36:25] "GET /hybridaction/zybTrackerStatisticsAction?data=%7B%7D&__callback__=__cb__zybTrackerStatisticsAction__68864cb4_365c_4f31_b7f9_cb879d7298fd__1 HTTP/1.1" 404 -
::1 - - [22/Sep/2026 10:36:30] "GET /pages/apply.html HTTP/1.1" 200 -
::1 - - [22/Sep/2026 10:36:30] "GET /js/apply.js HTTP/1.1" 200 -
::1 - - [22/Sep/2026 10:36:30] code 404, message File not found
::1 - - [22/Sep/2026 10:36:30] "GET /hybridaction/zybTrackerStatisticsAction?data=%7B%7D&__callback__=__cb__zybTrackerStatisticsAction__de8fd8fa_f50c_4571_9f98_8e67cf2a9037__0 HTTP/1.1" 404 -
::1 - - [22/Sep/2026 10:36:30] code 404, message File not found
::1 - - [22/Sep/2026 10:36:30] "GET /hybridaction/zybTrackerStatisticsAction?data=%7B%7D&__callback__=__cb__zybTrackerStatisticsAction__723ddd8b_9cf7_4d49_833f_567fa15b33ca__1 HTTP/1.1" 404 -
::1 - - [22/Sep/2026 10:36:32] code 404, message File not found
::1 - - [22/Sep/2026 10:36:32] "GET /hybridaction/zybTrackerStatisticsAction?data=%7B%7D&__callback__=__cb__zybTrackerStatisticsAction__6bc60a5f_a7ee_4e73_9fa0_33b3d2312bba__0 HTTP/1.1" 404 -
::1 - - [22/Sep/2026 10:36:32] code 404, message File not found
::1 - - [22/Sep/2026 10:36:32] "GET /hybridaction/zybTrackerStatisticsAction?data=%7B%7D&__callback__=__cb__zybTrackerStatisticsAction__47206106_19db_4321_ae5b_9957b740e54d__1 HTTP/1.1" 404 -
::1 - - [22/Sep/2026 10:36:46] "GET /pages/news.html?id=N001 HTTP/1.1" 200 -
::1 - - [22/Sep/2026 10:36:46] "GET /js/news.js HTTP/1.1" 200 -
::1 - - [22/Sep/2026 10:36:46] code 404, message File not found
::1 - - [22/Sep/2026 10:36:46] "GET /hybridaction/zybTrackerStatisticsAction?data=%7B%7D&__callback__=__cb__zybTrackerStatisticsAction__81e3a8c1_d7f7_4a33_b3b1_79c6e246ab09__0 HTTP/1.1" 404 -
::1 - - [22/Sep/2026 10:36:46] code 404, message File not found
::1 - - [22/Sep/2026 10:36:46] "GET /hybridaction/zybTrackerStatisticsAction?data=%7B%7D&__callback__=__cb__zybTrackerStatisticsAction__1259aea5_8ac0_4904_8024_4c872f6ecbe7__1 HTTP/1.1" 404 -
::1 - - [22/Sep/2026 10:36:54] code 404, message File not found
::1 - - [22/Sep/2026 10:36:54] "GET /hybridaction/zybTrackerStatisticsAction?data=%7B%7D&__callback__=__cb__zybTrackerStatisticsAction__21cc1801_8a6f_4229_b9ad_96f9b5ab54dd__0 HTTP/1.1" 404 -
::1 - - [22/Sep/2026 10:36:54] code 404, message File not found
::1 - - [22/Sep/2026 10:36:54] "GET /hybridaction/zybTrackerStatisticsAction?data=%7B%7D&__callback__=__cb__zybTrackerStatisticsAction__2c95e06e_d207_49d0_aed2_e7398af2e590__1 HTTP/1.1" 404 -
::1 - - [22/Sep/2026 10:37:00] "GET /pages/credit.html HTTP/1.1" 200 -
::1 - - [22/Sep/2026 10:37:00] "GET /js/credit.js HTTP/1.1" 200 -
::1 - - [22/Sep/2026 10:37:00] code 404, message File not found
::1 - - [22/Sep/2026 10:37:00] "GET /hybridaction/zybTrackerStatisticsAction?data=%7B%7D&__callback__=__cb__zybTrackerStatisticsAction__b64efa59_2d9f_459d_af8f_2a6bc05d9f89__0 HTTP/1.1" 404 -
::1 - - [22/Sep/2026 10:37:00] code 404, message File not found
::1 - - [22/Sep/2026 10:37:00] "GET /hybridaction/zybTrackerStatisticsAction?data=%7B%7D&__callback__=__cb__zybTrackerStatisticsAction__64575449_e035_4f32_bab1_49b5352caf17__1 HTTP/1.1" 404 -
::1 - - [22/Sep/2026 10:37:38] "GET /pages/my-apply.html HTTP/1.1" 200 -
::1 - - [22/Sep/2026 10:37:38] "GET /js/my-apply.js HTTP/1.1" 200 -
::1 - - [22/Sep/2026 10:37:38] code 404, message File not found
::1 - - [22/Sep/2026 10:37:38] "GET /hybridaction/zybTrackerStatisticsAction?data=%7B%7D&__callback__=__cb__zybTrackerStatisticsAction__d5f136d7_dbbc_48e6_b3e9_4cf6313e741e__0 HTTP/1.1" 404 -
::1 - - [22/Sep/2026 10:37:38] code 404, message File not found
::1 - - [22/Sep/2026 10:37:38] "GET /hybridaction/zybTrackerStatisticsAction?data=%7B%7D&__callback__=__cb__zybTrackerStatisticsAction__1899b67d_ce90_4c46_9ab9_7943baf99ef6__1 HTTP/1.1" 404 -
::1 - - [22/Sep/2026 10:37:40] "GET /pages/apply.html?nav=1 HTTP/1.1" 200 -
::1 - - [22/Sep/2026 10:37:40] code 404, message File not found
::1 - - [22/Sep/2026 10:37:40] "GET /hybridaction/zybTrackerStatisticsAction?data=%7B%7D&__callback__=__cb__zybTrackerStatisticsAction__7564be4e_e86b_4344_8d7d_b22f4ee0842e__0 HTTP/1.1" 404 -
::1 - - [22/Sep/2026 10:37:40] code 404, message File not found
::1 - - [22/Sep/2026 10:37:40] "GET /hybridaction/zybTrackerStatisticsAction?data=%7B%7D&__callback__=__cb__zybTrackerStatisticsAction__faee5fd6_ebc4_42f6_937d_abd9336d388d__1 HTTP/1.1" 404 -
::1 - - [22/Sep/2026 10:38:31] "GET /pages/apply-result.html?id=SQ20260922001 HTTP/1.1" 200 -
::1 - - [22/Sep/2026 10:38:31] "GET /js/apply-result.js HTTP/1.1" 200 -
::1 - - [22/Sep/2026 10:38:31] code 404, message File not found
::1 - - [22/Sep/2026 10:38:31] "GET /hybridaction/zybTrackerStatisticsAction?data=%7B%7D&__callback__=__cb__zybTrackerStatisticsAction__5a71f3c7_0dc8_4a29_a355_bbe7c5696517__0 HTTP/1.1" 404 -
::1 - - [22/Sep/2026 10:38:31] code 404, message File not found
::1 - - [22/Sep/2026 10:38:31] "GET /hybridaction/zybTrackerStatisticsAction?data=%7B%7D&__callback__=__cb__zybTrackerStatisticsAction__490a751c_f5b9_464a_a959_1b0e1e64baee__1 HTTP/1.1" 404 -
::1 - - [22/Sep/2026 10:38:39] code 404, message File not found
::1 - - [22/Sep/2026 10:38:39] "GET /hybridaction/zybTrackerStatisticsAction?data=%7B%7D&__callback__=__cb__zybTrackerStatisticsAction__52b9b23a_748f_456f_a362_0b73cba8cdfc__0 HTTP/1.1" 404 -
::1 - - [22/Sep/2026 10:38:39] code 404, message File not found
::1 - - [22/Sep/2026 10:38:39] "GET /hybridaction/zybTrackerStatisticsAction?data=%7B%7D&__callback__=__cb__zybTrackerStatisticsAction__4f963b9c_90c5_4b7b_97c2_5e8d9a389e69__1 HTTP/1.1" 404 -
::1 - - [22/Sep/2026 10:38:40] code 404, message File not found
::1 - - [22/Sep/2026 10:38:40] "GET /hybridaction/zybTrackerStatisticsAction?data=%7B%7D&__callback__=__cb__zybTrackerStatisticsAction__9b033104_5fe4_49f9_82c5_cc2cc73dda68__0 HTTP/1.1" 404 -
::1 - - [22/Sep/2026 10:38:40] code 404, message File not found
::1 - - [22/Sep/2026 10:38:40] "GET /hybridaction/zybTrackerStatisticsAction?data=%7B%7D&__callback__=__cb__zybTrackerStatisticsAction__0e1ba0ec_3cd9_4edf_9755_6c71efc76832__1 HTTP/1.1" 404 -
::1 - - [22/Sep/2026 10:38:45] code 404, message File not found
::1 - - [22/Sep/2026 10:38:45] "GET /hybridaction/zybTrackerStatisticsAction?data=%7B%7D&__callback__=__cb__zybTrackerStatisticsAction__f3a0ab9c_3c2f_41f5_a495_55670fdb9337__0 HTTP/1.1" 404 -
::1 - - [22/Sep/2026 10:38:45] code 404, message File not found
::1 - - [22/Sep/2026 10:38:45] "GET /hybridaction/zybTrackerStatisticsAction?data=%7B%7D&__callback__=__cb__zybTrackerStatisticsAction__a4d109ec_29b1_43b1_9e50_92abcfd42bb1__1 HTTP/1.1" 404 -
::1 - - [22/Sep/2026 10:38:48] "GET /pages/audit.html HTTP/1.1" 200 -
::1 - - [22/Sep/2026 10:38:48] "GET /js/audit.js HTTP/1.1" 200 -
::1 - - [22/Sep/2026 10:38:48] code 404, message File not found
::1 - - [22/Sep/2026 10:38:48] "GET /hybridaction/zybTrackerStatisticsAction?data=%7B%7D&__callback__=__cb__zybTrackerStatisticsAction__67aab212_d909_4780_8510_16c3e55ed886__0 HTTP/1.1" 404 -
::1 - - [22/Sep/2026 10:38:48] code 404, message File not found
::1 - - [22/Sep/2026 10:38:48] "GET /hybridaction/zybTrackerStatisticsAction?data=%7B%7D&__callback__=__cb__zybTrackerStatisticsAction__96e7a09b_2825_41e5_888d_5cef649c2e62__1 HTTP/1.1" 404 -
::1 - - [22/Sep/2026 10:39:16] code 404, message File not found
::1 - - [22/Sep/2026 10:39:16] "GET /hybridaction/zybTrackerStatisticsAction?data=%7B%7D&__callback__=__cb__zybTrackerStatisticsAction__1739a8b4_482c_40da_b0d7_fff4066f3cad__0 HTTP/1.1" 404 -
::1 - - [22/Sep/2026 10:39:16] code 404, message File not found
::1 - - [22/Sep/2026 10:39:16] "GET /hybridaction/zybTrackerStatisticsAction?data=%7B%7D&__callback__=__cb__zybTrackerStatisticsAction__ed7a8292_4aac_4e25_ba4a_cdff3b110306__1 HTTP/1.1" 404 -
::1 - - [22/Sep/2026 10:39:19] code 404, message File not found
::1 - - [22/Sep/2026 10:39:19] "GET /hybridaction/zybTrackerStatisticsAction?data=%7B%7D&__callback__=__cb__zybTrackerStatisticsAction__d2925171_0741_4b37_af0d_1879d25cd5dd__0 HTTP/1.1" 404 -
::1 - - [22/Sep/2026 10:39:19] code 404, message File not found
::1 - - [22/Sep/2026 10:39:19] "GET /hybridaction/zybTrackerStatisticsAction?data=%7B%7D&__callback__=__cb__zybTrackerStatisticsAction__abff6089_bf16_4988_97b7_94d3655179bd__1 HTTP/1.1" 404 -
::1 - - [22/Sep/2026 10:39:20] code 404, message File not found
::1 - - [22/Sep/2026 10:39:20] "GET /hybridaction/zybTrackerStatisticsAction?data=%7B%7D&__callback__=__cb__zybTrackerStatisticsAction__ca07199b_8081_498d_91d0_4e7636136132__0 HTTP/1.1" 404 -
::1 - - [22/Sep/2026 10:39:20] code 404, message File not found
::1 - - [22/Sep/2026 10:39:20] "GET /hybridaction/zybTrackerStatisticsAction?data=%7B%7D&__callback__=__cb__zybTrackerStatisticsAction__49200f62_660d_43d8_849a_28948ef829ce__1 HTTP/1.1" 404 -
::1 - - [22/Sep/2026 10:40:01] code 404, message File not found
::1 - - [22/Sep/2026 10:40:01] "GET /hybridaction/zybTrackerStatisticsAction?data=%7B%7D&__callback__=__cb__zybTrackerStatisticsAction__d16f3ca4_ce4f_4577_9d99_96c69b629e3c__0 HTTP/1.1" 404 -
::1 - - [22/Sep/2026 10:40:02] code 404, message File not found
::1 - - [22/Sep/2026 10:40:02] "GET /hybridaction/zybTrackerStatisticsAction?data=%7B%7D&__callback__=__cb__zybTrackerStatisticsAction__7dbc3f78_3824_44b2_801c_02f5752b3bb0__1 HTTP/1.1" 404 -
::1 - - [22/Sep/2026 10:40:07] code 404, message File not found
::1 - - [22/Sep/2026 10:40:07] "GET /hybridaction/zybTrackerStatisticsAction?data=%7B%7D&__callback__=__cb__zybTrackerStatisticsAction__44b637c3_22ff_47b2_b2a8_86ff757ed4f7__0 HTTP/1.1" 404 -
::1 - - [22/Sep/2026 10:40:07] code 404, message File not found
::1 - - [22/Sep/2026 10:40:07] "GET /hybridaction/zybTrackerStatisticsAction?data=%7B%7D&__callback__=__cb__zybTrackerStatisticsAction__dc2c0337_a652_48b1_9d02_ae9fa9d00073__1 HTTP/1.1" 404 -
::1 - - [22/Sep/2026 10:40:10] code 404, message File not found
::1 - - [22/Sep/2026 10:40:10] "GET /hybridaction/zybTrackerStatisticsAction?data=%7B%7D&__callback__=__cb__zybTrackerStatisticsAction__e1ffb321_ac7f_4272_b50e_a4c13f2a84bd__0 HTTP/1.1" 404 -
::1 - - [22/Sep/2026 10:40:10] code 404, message File not found
::1 - - [22/Sep/2026 10:40:10] "GET /hybridaction/zybTrackerStatisticsAction?data=%7B%7D&__callback__=__cb__zybTrackerStatisticsAction__cfe5e7ea_39f8_44ca_8cd1_ca58132db425__1 HTTP/1.1" 404 -
